❯ Building...
✔ Building...
Initial chunk files | Names         |  Raw size
main.js             | main          |   2.38 kB | 
styles.css          | styles        | 392 bytes | 

                    | Initial total |   2.77 kB

Lazy chunk files    | Names         |  Raw size
chunk-4XBQFNEZ.js   | register      |  21.40 kB | 
chunk-2ZBB46EI.js   | login         |  18.53 kB | 
chunk-YGUGVEEZ.js   | -             |  13.90 kB | 

Application bundle generation complete. [3.385 seconds] - 2026-07-09T15:22:07.373Z

Watch mode enabled. Watching for file changes...
NOTE: Raw file sizes do not reflect development server per-request transformations.
  [32m➜[39m  [1mLocal[22m:   [36mhttp://localhost:[1m4310[22m/[39m
❯ Changes detected. Rebuilding...
✔ Changes detected. Rebuilding...
Initial chunk files | Names        | Raw size
main.js             | main         |  3.15 kB | 

Lazy chunk files    | Names        | Raw size
chunk-KMPKSACK.js   | dashboard    | 71.73 kB | 
chunk-YACB3OGG.js   | system-logs  | 64.34 kB | 
chunk-HCW7RGJK.js   | register     | 21.44 kB | 
chunk-3TD3NMAJ.js   | -            | 20.68 kB | 
chunk-POKIU2V3.js   | login        | 18.56 kB | 
chunk-GLQBBNSW.js   | -            | 15.03 kB | 
chunk-VZC2WF72.js   | -            | 12.27 kB | 
chunk-MPI67MH5.js   | admin-layout | 11.83 kB | 
chunk-67Y7A6ZY.js   | -            |  8.61 kB | 
chunk-A2S5FB5W.js   | -            |  5.34 kB | 
chunk-N4EVGIZN.js   | user-roles   |  4.67 kB | 
chunk-G6MDBLN6.js   | workflow     |  4.61 kB | 
chunk-EIWD5O7O.js   | tenants      |  4.57 kB | 

Application bundle generation complete. [2.387 seconds] - 2026-07-09T15:52:10.389Z

Page reload sent to client(s).
❯ Changes detected. Rebuilding...
✔ Changes detected. Rebuilding...
Initial chunk files | Names | Raw size
main.js             | main  |  3.15 kB | 

Lazy chunk files    | Names | Raw size
chunk-TBWMJ5BF.js   | login | 18.69 kB | 

Application bundle generation complete. [0.907 seconds] - 2026-07-09T15:52:24.053Z

Page reload sent to client(s).
❯ Changes detected. Rebuilding...
✔ Changes detected. Rebuilding...
Initial chunk files | Names     | Raw size
main.js             | main      |  3.15 kB | 

Lazy chunk files    | Names     | Raw size
chunk-5JZM4L4Z.js   | dashboard | 71.72 kB | 

Application bundle generation complete. [0.368 seconds] - 2026-07-09T15:55:25.447Z

Component update sent to client(s).
❯ Changes detected. Rebuilding...
✔ Changes detected. Rebuilding...
Initial chunk files | Names       | Raw size
main.js             | main        |  3.15 kB | 

Lazy chunk files    | Names       | Raw size
chunk-T3IXPR7D.js   | system-logs | 64.33 kB | 

Application bundle generation complete. [0.601 seconds] - 2026-07-09T15:58:37.452Z

Page reload sent to client(s).
❯ Changes detected. Rebuilding...
✔ Changes detected. Rebuilding...
Initial chunk files | Names       | Raw size
main.js             | main        |  3.15 kB | 

Lazy chunk files    | Names       | Raw size
chunk-KKIMLAVD.js   | system-logs | 64.33 kB | 

Application bundle generation complete. [0.497 seconds] - 2026-07-09T15:59:59.265Z

Page reload sent to client(s).
❯ Changes detected. Rebuilding...
✔ Changes detected. Rebuilding...
Initial chunk files | Names       | Raw size
main.js             | main        |  3.15 kB | 

Lazy chunk files    | Names       | Raw size
chunk-EYKDORN4.js   | system-logs | 64.38 kB | 

Application bundle generation complete. [0.484 seconds] - 2026-07-09T16:02:07.514Z

Component update sent to client(s).
❯ Changes detected. Rebuilding...
✔ Changes detected. Rebuilding...
Initial chunk files | Names       | Raw size
main.js             | main        |  3.15 kB | 

Lazy chunk files    | Names       | Raw size
chunk-M4H2DQ4O.js   | system-logs | 64.41 kB | 

Application bundle generation complete. [0.644 seconds] - 2026-07-09T16:02:16.836Z

Component update sent to client(s).
❯ Changes detected. Rebuilding...
✔ Changes detected. Rebuilding...
Initial chunk files | Names       | Raw size
main.js             | main        |  3.15 kB | 

Lazy chunk files    | Names       | Raw size
chunk-SSYTUV5J.js   | system-logs | 64.41 kB | 

Application bundle generation complete. [0.413 seconds] - 2026-07-09T16:03:57.738Z

Page reload sent to client(s).
❯ Changes detected. Rebuilding...
✔ Changes detected. Rebuilding...
Initial chunk files | Names       | Raw size
main.js             | main        |  3.15 kB | 

Lazy chunk files    | Names       | Raw size
chunk-BJQK73SC.js   | system-logs | 64.41 kB | 

Application bundle generation complete. [0.437 seconds] - 2026-07-09T16:04:39.232Z

Page reload sent to client(s).
❯ Changes detected. Rebuilding...
✔ Changes detected. Rebuilding...
Initial chunk files | Names       | Raw size
main.js             | main        |  3.15 kB | 

Lazy chunk files    | Names       | Raw size
chunk-AYQFRQFQ.js   | system-logs | 64.41 kB | 

Application bundle generation complete. [0.449 seconds] - 2026-07-09T16:05:11.174Z

Page reload sent to client(s).
❯ Changes detected. Rebuilding...
✔ Changes detected. Rebuilding...
Initial chunk files | Names        | Raw size
main.js             | main         |  3.15 kB | 

Lazy chunk files    | Names        | Raw size
chunk-D2YBFZWQ.js   | register     | 21.44 kB | 
chunk-DDSAQYQH.js   | login        | 18.69 kB | 
chunk-QHXCXHLF.js   | admin-layout | 11.83 kB | 
chunk-GIURS3B4.js   | -            |  8.61 kB | 
chunk-U6HPI5YX.js   | -            |  5.93 kB | 

Application bundle generation complete. [0.386 seconds] - 2026-07-09T16:34:11.240Z

Page reload sent to client(s).
❯ Changes detected. Rebuilding...
✔ Changes detected. Rebuilding...
Initial chunk files | Names        | Raw size
main.js             | main         |  3.15 kB | 

Lazy chunk files    | Names        | Raw size
chunk-EYAPNJQA.js   | register     | 21.44 kB | 
chunk-7VG3XRJG.js   | login        | 18.69 kB | 
chunk-NMGF6SAC.js   | admin-layout | 11.83 kB | 
chunk-ZHLPCIQC.js   | -            | 10.24 kB | 
chunk-AJQ4HDFL.js   | -            |  8.61 kB | 

Application bundle generation complete. [0.197 seconds] - 2026-07-09T16:34:34.936Z

Component update sent to client(s).
❯ Changes detected. Rebuilding...
✔ Changes detected. Rebuilding...
Initial chunk files | Names     | Raw size
main.js             | main      |  3.15 kB | 

Lazy chunk files    | Names     | Raw size
chunk-7S3T4CNX.js   | dashboard | 72.26 kB | 

Application bundle generation complete. [0.410 seconds] - 2026-07-09T16:35:21.264Z

Page reload sent to client(s).
❯ Changes detected. Rebuilding...
✔ Changes detected. Rebuilding...
Initial chunk files | Names     | Raw size
main.js             | main      |  3.15 kB | 

Lazy chunk files    | Names     | Raw size
chunk-SME3DMYF.js   | dashboard | 72.68 kB | 

Application bundle generation complete. [0.178 seconds] - 2026-07-09T16:35:46.669Z

Component update sent to client(s).
❯ Changes detected. Rebuilding...
✔ Changes detected. Rebuilding...
Application bundle generation failed. [0.363 seconds] - 2026-07-09T16:37:15.554Z

[33m▲ [43;33m[[43;30mWARNING[43;33m][0m [1mNG8113: Avatar is not used within the template of Tenants[0m [1m[35m[plugin angular-compiler][0m

    src/app/pages/tenants/tenants.ts:115:26:
[37m      115 │   imports: [Topbar, Icon, [32mAvatar[37m, DonutChart, Pagination, FormsMo...
          ╵                           [32m~~~~~~[0m


[33m▲ [43;33m[[43;30mWARNING[43;33m][0m [1mNG8113: DonutChart is not used within the template of Tenants[0m [1m[35m[plugin angular-compiler][0m

    src/app/pages/tenants/tenants.ts:115:34:
[37m      115 │ ...rts: [Topbar, Icon, Avatar, [32mDonutChart[37m, Pagination, FormsModule],
          ╵                                [32m~~~~~~~~~~[0m


[33m▲ [43;33m[[43;30mWARNING[43;33m][0m [1mNG8113: Pagination is not used within the template of Tenants[0m [1m[35m[plugin angular-compiler][0m

    src/app/pages/tenants/tenants.ts:115:46:
[37m      115 │ ...rts: [Topbar, Icon, Avatar, DonutChart, [32mPagination[37m, FormsModule],
          ╵                                            [32m~~~~~~~~~~[0m


[31mX [41;31m[[41;97mERROR[41;31m][0m [1mNG2008: Could not find stylesheet file './tenants.scss'.[0m [1m[35m[plugin angular-compiler][0m

    src/app/pages/tenants/tenants.ts:117:12:
[37m      117 │   styleUrl: [32m'./tenants.scss'[37m,
          ╵             [32m~~~~~~~~~~~~~~~~[0m


❯ Changes detected. Rebuilding...
✔ Changes detected. Rebuilding...
Application bundle generation failed. [0.312 seconds] - 2026-07-09T16:37:28.502Z

[33m▲ [43;33m[[43;30mWARNING[43;33m][0m [1mNG8113: Avatar is not used within the template of Tenants[0m [1m[35m[plugin angular-compiler][0m

    src/app/pages/tenants/tenants.ts:115:26:
[37m      115 │   imports: [Topbar, Icon, [32mAvatar[37m, DonutChart, Pagination, FormsMo...
          ╵                           [32m~~~~~~[0m


[33m▲ [43;33m[[43;30mWARNING[43;33m][0m [1mNG8113: DonutChart is not used within the template of Tenants[0m [1m[35m[plugin angular-compiler][0m

    src/app/pages/tenants/tenants.ts:115:34:
[37m      115 │ ...rts: [Topbar, Icon, Avatar, [32mDonutChart[37m, Pagination, FormsModule],
          ╵                                [32m~~~~~~~~~~[0m


[33m▲ [43;33m[[43;30mWARNING[43;33m][0m [1mNG8113: Pagination is not used within the template of Tenants[0m [1m[35m[plugin angular-compiler][0m

    src/app/pages/tenants/tenants.ts:115:46:
[37m      115 │ ...rts: [Topbar, Icon, Avatar, DonutChart, [32mPagination[37m, FormsModule],
          ╵                                            [32m~~~~~~~~~~[0m


[31mX [41;31m[[41;97mERROR[41;31m][0m [1mNG2008: Could not find stylesheet file './tenants.scss'.[0m [1m[35m[plugin angular-compiler][0m

    src/app/pages/tenants/tenants.ts:117:12:
[37m      117 │   styleUrl: [32m'./tenants.scss'[37m,
          ╵             [32m~~~~~~~~~~~~~~~~[0m


❯ Changes detected. Rebuilding...
✔ Changes detected. Rebuilding...
Application bundle generation failed. [0.361 seconds] - 2026-07-09T16:38:29.759Z

[31mX [41;31m[[41;97mERROR[41;31m][0m [1mNG2008: Could not find stylesheet file './tenants.scss'.[0m [1m[35m[plugin angular-compiler][0m

    src/app/pages/tenants/tenants.ts:117:12:
[37m      117 │   styleUrl: [32m'./tenants.scss'[37m,
          ╵             [32m~~~~~~~~~~~~~~~~[0m


❯ Changes detected. Rebuilding...
✔ Changes detected. Rebuilding...
Application bundle generation failed. [0.535 seconds] - 2026-07-09T16:38:47.707Z

[31mX [41;31m[[41;97mERROR[41;31m][0m [1mNG2008: Could not find stylesheet file './tenants.scss'.[0m [1m[35m[plugin angular-compiler][0m

    src/app/pages/tenants/tenants.ts:117:12:
[37m      117 │   styleUrl: [32m'./tenants.scss'[37m,
          ╵             [32m~~~~~~~~~~~~~~~~[0m


❯ Changes detected. Rebuilding...
✔ Changes detected. Rebuilding...
Initial chunk files | Names         |  Raw size
main.js             | main          |   3.15 kB | 
styles.css          | styles        | 392 bytes | 

                    | Initial total |   3.54 kB

Lazy chunk files    | Names         |  Raw size
chunk-LLPGXPEU.js   | tenants       |  96.41 kB | 
chunk-66OHK3MX.js   | dashboard     |  65.25 kB | 
chunk-OSKOLQSG.js   | system-logs   |  64.45 kB | 
chunk-EYAPNJQA.js   | register      |  21.44 kB | 
chunk-7VG3XRJG.js   | login         |  18.69 kB | 
chunk-GLQBBNSW.js   | -             |  15.03 kB | 
chunk-VZC2WF72.js   | -             |  12.27 kB | 
chunk-NMGF6SAC.js   | admin-layout  |  11.83 kB | 
chunk-WQEO65YY.js   | -             |  11.41 kB | 
chunk-ZHLPCIQC.js   | -             |  10.24 kB | 
chunk-YZU2RMK5.js   | -             |   9.29 kB | 
chunk-AJQ4HDFL.js   | -             |   8.61 kB | 
chunk-3UVQWUUB.js   | -             |   7.51 kB | 
chunk-N4EVGIZN.js   | user-roles    |   4.67 kB | 
chunk-G6MDBLN6.js   | workflow      |   4.61 kB | 

Application bundle generation complete. [0.454 seconds] - 2026-07-09T16:44:34.954Z

Page reload sent to client(s).
❯ Changes detected. Rebuilding...
✔ Changes detected. Rebuilding...
Initial chunk files | Names   | Raw size
main.js             | main    |  3.15 kB | 

Lazy chunk files    | Names   | Raw size
chunk-67QIYKRL.js   | tenants | 96.50 kB | 

Application bundle generation complete. [0.410 seconds] - 2026-07-09T16:46:13.008Z

Page reload sent to client(s).
❯ Changes detected. Rebuilding...
✔ Changes detected. Rebuilding...
Initial chunk files | Names   | Raw size
main.js             | main    |  3.15 kB | 

Lazy chunk files    | Names   | Raw size
chunk-NG6LM64J.js   | tenants | 96.69 kB | 

Application bundle generation complete. [0.565 seconds] - 2026-07-09T16:46:39.744Z

Component update sent to client(s).
❯ Changes detected. Rebuilding...
✔ Changes detected. Rebuilding...
Initial chunk files | Names   | Raw size
main.js             | main    |  3.15 kB | 

Lazy chunk files    | Names   | Raw size
chunk-BGTVQ65M.js   | tenants | 96.73 kB | 

Application bundle generation complete. [0.621 seconds] - 2026-07-09T16:46:51.334Z

Component update sent to client(s).
❯ Changes detected. Rebuilding...
✔ Changes detected. Rebuilding...
Initial chunk files | Names   | Raw size
main.js             | main    |  3.15 kB | 

Lazy chunk files    | Names   | Raw size
chunk-KWABMIFX.js   | tenants | 96.55 kB | 

Application bundle generation complete. [0.614 seconds] - 2026-07-09T16:47:10.503Z

Component update sent to client(s).
❯ Changes detected. Rebuilding...
✔ Changes detected. Rebuilding...
Initial chunk files | Names   | Raw size
main.js             | main    |  3.15 kB | 

Lazy chunk files    | Names   | Raw size
chunk-NPTFCSCM.js   | tenants | 96.56 kB | 

Application bundle generation complete. [0.635 seconds] - 2026-07-09T16:47:21.520Z

Component update sent to client(s).
❯ Changes detected. Rebuilding...
✔ Changes detected. Rebuilding...
Initial chunk files | Names   | Raw size
main.js             | main    |  3.15 kB | 

Lazy chunk files    | Names   | Raw size
chunk-35SOAFOB.js   | tenants | 96.56 kB | 

Application bundle generation complete. [0.631 seconds] - 2026-07-09T16:49:37.680Z

Page reload sent to client(s).
❯ Changes detected. Rebuilding...
✔ Changes detected. Rebuilding...
Initial chunk files | Names   | Raw size
main.js             | main    |  3.15 kB | 

Lazy chunk files    | Names   | Raw size
chunk-LYR5E62G.js   | tenants | 96.57 kB | 

Application bundle generation complete. [0.521 seconds] - 2026-07-09T16:50:22.828Z

Page reload sent to client(s).
❯ Changes detected. Rebuilding...
✔ Changes detected. Rebuilding...
Initial chunk files | Names   | Raw size
main.js             | main    |  3.15 kB | 

Lazy chunk files    | Names   | Raw size
chunk-DH5X4LRN.js   | tenants | 96.56 kB | 

Application bundle generation complete. [0.482 seconds] - 2026-07-09T16:51:31.455Z

Page reload sent to client(s).
❯ Changes detected. Rebuilding...
✔ Changes detected. Rebuilding...
Initial chunk files | Names   | Raw size
main.js             | main    |  3.15 kB | 

Lazy chunk files    | Names   | Raw size
chunk-NPTFCSCM.js   | tenants | 96.56 kB | 

Application bundle generation complete. [0.531 seconds] - 2026-07-09T16:52:18.696Z

Page reload sent to client(s).
❯ Changes detected. Rebuilding...
✔ Changes detected. Rebuilding...
Application bundle generation failed. [1.044 seconds] - 2026-07-09T17:11:26.535Z

[33m▲ [43;33m[[43;30mWARNING[43;33m][0m [1mNG8113: FlowChart is not used within the template of Workflow[0m [1m[35m[plugin angular-compiler][0m

    src/app/pages/workflow/workflow.ts:10:26:
[37m      10 │   imports: [Topbar, Icon, [32mFlowChart[37m],
         ╵                           [32m~~~~~~~~~[0m


[31mX [41;31m[[41;97mERROR[41;31m][0m [1mNG2008: Could not find stylesheet file './workflow.scss'.[0m [1m[35m[plugin angular-compiler][0m

    src/app/pages/workflow/workflow.ts:12:12:
[37m      12 │   styleUrl: [32m'./workflow.scss'[37m,
         ╵             [32m~~~~~~~~~~~~~~~~~[0m


❯ Changes detected. Rebuilding...
✔ Changes detected. Rebuilding...
Application bundle generation failed. [0.360 seconds] - 2026-07-09T17:11:44.962Z

[31mX [41;31m[[41;97mERROR[41;31m][0m [1mNG2008: Could not find stylesheet file './workflow.scss'.[0m [1m[35m[plugin angular-compiler][0m

    src/app/pages/workflow/workflow.ts:12:12:
[37m      12 │   styleUrl: [32m'./workflow.scss'[37m,
         ╵             [32m~~~~~~~~~~~~~~~~~[0m


❯ Changes detected. Rebuilding...
✔ Changes detected. Rebuilding...
Initial chunk files | Names         |  Raw size
main.js             | main          |   3.18 kB | 
chunk-VUJOFXKG.js   | -             | 938 bytes | 
styles.css          | styles        | 392 bytes | 

                    | Initial total |   4.51 kB

Lazy chunk files    | Names         |  Raw size
chunk-CF4GFQ5Q.js   | tenants       |  96.59 kB | 
chunk-NKYDUREZ.js   | dashboard     |  65.28 kB | 
chunk-3FAOHF7Q.js   | system-logs   |  64.48 kB | 
chunk-VFDK36AB.js   | workflow      |  51.56 kB | 
chunk-OBVZOOOR.js   | register      |  21.47 kB | 
chunk-6ZOVLW2I.js   | login         |  18.72 kB | 
chunk-GLQBBNSW.js   | -             |  15.03 kB | 
chunk-VZC2WF72.js   | -             |  12.27 kB | 
chunk-V7WYF5IY.js   | admin-layout  |  11.86 kB | 
chunk-WQEO65YY.js   | -             |  11.41 kB | 
chunk-ZHLPCIQC.js   | -             |  10.24 kB | 
chunk-YZU2RMK5.js   | -             |   9.29 kB | 
chunk-AJQ4HDFL.js   | -             |   8.61 kB | 
chunk-3UVQWUUB.js   | -             |   7.51 kB | 
chunk-22T53MHS.js   | user-roles    |   4.70 kB | 

Application bundle generation complete. [0.437 seconds] - 2026-07-09T17:15:14.061Z

Page reload sent to client(s).
❯ Changes detected. Rebuilding...
✔ Changes detected. Rebuilding...
Initial chunk files | Names    | Raw size
main.js             | main     |  3.18 kB | 

Lazy chunk files    | Names    | Raw size
chunk-Q6HKSNGQ.js   | workflow | 52.85 kB | 

Application bundle generation complete. [0.431 seconds] - 2026-07-09T17:21:32.217Z

Component update sent to client(s).
❯ Changes detected. Rebuilding...
✔ Changes detected. Rebuilding...
Initial chunk files | Names    | Raw size
main.js             | main     |  3.18 kB | 

Lazy chunk files    | Names    | Raw size
chunk-QX5O2AJ4.js   | workflow | 52.93 kB | 

Application bundle generation complete. [0.367 seconds] - 2026-07-09T17:24:35.123Z

Page reload sent to client(s).
❯ Changes detected. Rebuilding...
✔ Changes detected. Rebuilding...
Initial chunk files | Names    | Raw size
main.js             | main     |  3.18 kB | 

Lazy chunk files    | Names    | Raw size
chunk-3WRRFYAH.js   | workflow | 53.02 kB | 

Application bundle generation complete. [0.233 seconds] - 2026-07-09T17:24:51.618Z

Page reload sent to client(s).
❯ Changes detected. Rebuilding...
✔ Changes detected. Rebuilding...
Application bundle generation failed. [0.205 seconds] - 2026-07-09T17:26:04.640Z

[31mX [41;31m[[41;97mERROR[41;31m][0m [1mTS2304: Cannot find name 'genOrder'.[0m [1m[35m[plugin angular-compiler][0m

    src/app/pages/workflow/workflow-flows.ts:267:27:
[37m      267 │   return { first: start ?? [32mgenOrder[37m, last: genPdf };
          ╵                            [32m~~~~~~~~[0m


❯ Changes detected. Rebuilding...
✔ Changes detected. Rebuilding...
Initial chunk files | Names         |  Raw size
main.js             | main          |   3.18 kB | 
chunk-VUJOFXKG.js   | -             | 938 bytes | 
styles.css          | styles        | 392 bytes | 

                    | Initial total |   4.51 kB

Lazy chunk files    | Names         |  Raw size
chunk-CF4GFQ5Q.js   | tenants       |  96.59 kB | 
chunk-NKYDUREZ.js   | dashboard     |  65.28 kB | 
chunk-3FAOHF7Q.js   | system-logs   |  64.48 kB | 
chunk-6HZ7TB3V.js   | workflow      |  53.21 kB | 
chunk-OBVZOOOR.js   | register      |  21.47 kB | 
chunk-6ZOVLW2I.js   | login         |  18.72 kB | 
chunk-GLQBBNSW.js   | -             |  15.03 kB | 
chunk-VZC2WF72.js   | -             |  12.27 kB | 
chunk-V7WYF5IY.js   | admin-layout  |  11.86 kB | 
chunk-WQEO65YY.js   | -             |  11.41 kB | 
chunk-ZHLPCIQC.js   | -             |  10.24 kB | 
chunk-YZU2RMK5.js   | -             |   9.29 kB | 
chunk-AJQ4HDFL.js   | -             |   8.61 kB | 
chunk-3UVQWUUB.js   | -             |   7.51 kB | 
chunk-22T53MHS.js   | user-roles    |   4.70 kB | 

Application bundle generation complete. [0.218 seconds] - 2026-07-09T17:26:35.183Z

Page reload sent to client(s).
❯ Changes detected. Rebuilding...
✔ Changes detected. Rebuilding...
Initial chunk files | Names    | Raw size
main.js             | main     |  3.18 kB | 

Lazy chunk files    | Names    | Raw size
chunk-QTSUHKDY.js   | workflow | 53.21 kB | 

Application bundle generation complete. [0.200 seconds] - 2026-07-09T17:27:33.117Z

Page reload sent to client(s).
❯ Changes detected. Rebuilding...
✔ Changes detected. Rebuilding...
Initial chunk files | Names    | Raw size
main.js             | main     |  3.18 kB | 

Lazy chunk files    | Names    | Raw size
chunk-CK65LZOL.js   | workflow | 53.15 kB | 

Application bundle generation complete. [1.225 seconds] - 2026-07-09T17:28:00.879Z

Page reload sent to client(s).
❯ Changes detected. Rebuilding...
✔ Changes detected. Rebuilding...
Initial chunk files | Names    | Raw size
main.js             | main     |  3.18 kB | 

Lazy chunk files    | Names    | Raw size
chunk-NHM6QDMW.js   | workflow | 53.29 kB | 

Application bundle generation complete. [0.286 seconds] - 2026-07-09T17:33:59.078Z

Component update sent to client(s).
❯ Changes detected. Rebuilding...
✔ Changes detected. Rebuilding...
Initial chunk files | Names    | Raw size
main.js             | main     |  3.18 kB | 

Lazy chunk files    | Names    | Raw size
chunk-R53PPHVN.js   | workflow | 53.50 kB | 

Application bundle generation complete. [0.454 seconds] - 2026-07-09T17:34:56.946Z

Component update sent to client(s).
❯ Changes detected. Rebuilding...
✔ Changes detected. Rebuilding...
Initial chunk files | Names    | Raw size
main.js             | main     |  3.18 kB | 

Lazy chunk files    | Names    | Raw size
chunk-Z453BBKK.js   | workflow | 52.21 kB | 

Application bundle generation complete. [0.268 seconds] - 2026-07-09T17:36:26.485Z

Component update sent to client(s).
❯ Changes detected. Rebuilding...
✔ Changes detected. Rebuilding...
Initial chunk files | Names    | Raw size
main.js             | main     |  3.18 kB | 

Lazy chunk files    | Names    | Raw size
chunk-EG2UPYQQ.js   | workflow | 52.20 kB | 

Application bundle generation complete. [0.273 seconds] - 2026-07-09T17:37:56.993Z

Page reload sent to client(s).
❯ Changes detected. Rebuilding...
✔ Changes detected. Rebuilding...
Initial chunk files | Names    | Raw size
main.js             | main     |  3.18 kB | 

Lazy chunk files    | Names    | Raw size
chunk-NU43HSTS.js   | workflow | 52.21 kB | 

Application bundle generation complete. [0.257 seconds] - 2026-07-09T17:38:45.983Z

Page reload sent to client(s).
❯ Changes detected. Rebuilding...
✔ Changes detected. Rebuilding...
Initial chunk files | Names    | Raw size
main.js             | main     |  3.18 kB | 

Lazy chunk files    | Names    | Raw size
chunk-S7YOKF2L.js   | workflow | 52.20 kB | 

Application bundle generation complete. [0.267 seconds] - 2026-07-09T17:39:48.804Z

Page reload sent to client(s).
❯ Changes detected. Rebuilding...
✔ Changes detected. Rebuilding...
Initial chunk files | Names    | Raw size
main.js             | main     |  3.18 kB | 

Lazy chunk files    | Names    | Raw size
chunk-Z453BBKK.js   | workflow | 52.21 kB | 

Application bundle generation complete. [0.232 seconds] - 2026-07-09T17:40:40.445Z

Page reload sent to client(s).
❯ Changes detected. Rebuilding...
✔ Changes detected. Rebuilding...
Application bundle generation failed. [0.248 seconds] - 2026-07-09T18:03:53.134Z

[31mX [41;31m[[41;97mERROR[41;31m][0m [1mTS2488: Type 'InputSignal<NavItem[]>' must have a '[Symbol.iterator]()' method that returns an iterator.[0m [1m[35m[plugin angular-compiler][0m

    src/app/shared/sidebar/sidebar.html:8:18:
[37m      8 │     @for (item of [32mnavItems[37m; track item.path) {
        ╵                   [32m~~~~~~~~[0m

  Error occurs in the template of component Sidebar.

    src/app/shared/sidebar/sidebar.ts:23:15:
[37m      23 │   templateUrl: [32m'./sidebar.html'[37m,
         ╵                [32m~~~~~~~~~~~~~~~~[0m


❯ Changes detected. Rebuilding...
✔ Changes detected. Rebuilding...
Application bundle generation failed. [0.483 seconds] - 2026-07-09T18:04:21.726Z

[31mX [41;31m[[41;97mERROR[41;31m][0m [1mTS2488: Type 'InputSignal<NavItem[]>' must have a '[Symbol.iterator]()' method that returns an iterator.[0m [1m[35m[plugin angular-compiler][0m

    src/app/shared/sidebar/sidebar.html:8:18:
[37m      8 │     @for (item of [32mnavItems[37m; track item.path) {
        ╵                   [32m~~~~~~~~[0m

  Error occurs in the template of component Sidebar.

    src/app/shared/sidebar/sidebar.ts:23:15:
[37m      23 │   templateUrl: [32m'./sidebar.html'[37m,
         ╵                [32m~~~~~~~~~~~~~~~~[0m


❯ Changes detected. Rebuilding...
✔ Changes detected. Rebuilding...
Initial chunk files | Names         |  Raw size
main.js             | main          |   3.18 kB | 
chunk-VUJOFXKG.js   | -             | 938 bytes | 
styles.css          | styles        | 392 bytes | 

                    | Initial total |   4.51 kB

Lazy chunk files    | Names         |  Raw size
chunk-CF4GFQ5Q.js   | tenants       |  96.59 kB | 
chunk-NKYDUREZ.js   | dashboard     |  65.28 kB | 
chunk-3FAOHF7Q.js   | system-logs   |  64.48 kB | 
chunk-Z453BBKK.js   | workflow      |  52.21 kB | 
chunk-OBVZOOOR.js   | register      |  21.47 kB | 
chunk-6ZOVLW2I.js   | login         |  18.72 kB | 
chunk-GLQBBNSW.js   | -             |  15.03 kB | 
chunk-SADJ5YTK.js   | admin-layout  |  12.43 kB | 
chunk-VZC2WF72.js   | -             |  12.27 kB | 
chunk-WQEO65YY.js   | -             |  11.41 kB | 
chunk-ZHLPCIQC.js   | -             |  10.24 kB | 
chunk-YZU2RMK5.js   | -             |   9.29 kB | 
chunk-AJQ4HDFL.js   | -             |   8.61 kB | 
chunk-3UVQWUUB.js   | -             |   7.51 kB | 
chunk-22T53MHS.js   | user-roles    |   4.70 kB | 

Application bundle generation complete. [0.242 seconds] - 2026-07-09T18:04:49.256Z

Page reload sent to client(s).
❯ Changes detected. Rebuilding...
✔ Changes detected. Rebuilding...
Application bundle generation failed. [1.489 seconds] - 2026-07-09T18:07:46.588Z

[31mX [41;31m[[41;97mERROR[41;31m][0m [1mNG2008: Could not find template file './tenant-layout.html'.[0m [1m[35m[plugin angular-compiler][0m

    src/app/layout/tenant-layout/tenant-layout.ts:17:15:
[37m      17 │   templateUrl: [32m'./tenant-layout.html'[37m,
         ╵                [32m~~~~~~~~~~~~~~~~~~~~~~[0m


❯ Changes detected. Rebuilding...
✔ Changes detected. Rebuilding...
Application bundle generation failed. [0.158 seconds] - 2026-07-09T18:08:01.768Z

[31mX [41;31m[[41;97mERROR[41;31m][0m [1mNG2008: Could not find template file './tenant-layout.html'.[0m [1m[35m[plugin angular-compiler][0m

    src/app/layout/tenant-layout/tenant-layout.ts:17:15:
[37m      17 │   templateUrl: [32m'./tenant-layout.html'[37m,
         ╵                [32m~~~~~~~~~~~~~~~~~~~~~~[0m


❯ Changes detected. Rebuilding...
✔ Changes detected. Rebuilding...
Application bundle generation failed. [0.490 seconds] - 2026-07-09T18:10:26.518Z

[31mX [41;31m[[41;97mERROR[41;31m][0m [1mNG2008: Could not find template file './tenant-layout.html'.[0m [1m[35m[plugin angular-compiler][0m

    src/app/layout/tenant-layout/tenant-layout.ts:17:15:
[37m      17 │   templateUrl: [32m'./tenant-layout.html'[37m,
         ╵                [32m~~~~~~~~~~~~~~~~~~~~~~[0m


❯ Changes detected. Rebuilding...
✔ Changes detected. Rebuilding...
Application bundle generation failed. [0.261 seconds] - 2026-07-09T18:10:42.753Z

[31mX [41;31m[[41;97mERROR[41;31m][0m [1mTS2304: Cannot find name 'buildQueue'.[0m [1m[35m[plugin angular-compiler][0m

    src/app/pages/dashboard/dashboard.ts:96:59:
[37m      96 │ ...ected readonly queueCategories: LollipopCategory[] = [32mbuildQueue[37m();
         ╵                                                         [32m~~~~~~~~~~[0m


❯ Changes detected. Rebuilding...
✔ Changes detected. Rebuilding...
Initial chunk files | Names         |  Raw size
main.js             | main          |   3.18 kB | 
chunk-VUJOFXKG.js   | -             | 938 bytes | 
styles.css          | styles        | 392 bytes | 

                    | Initial total |   4.51 kB

Lazy chunk files    | Names         |  Raw size
chunk-C4NPKY4U.js   | tenants       |  96.59 kB | 
chunk-526BYQCU.js   | dashboard     |  65.34 kB | 
chunk-CN3Z7UT7.js   | system-logs   |  64.48 kB | 
chunk-ZOCL223L.js   | workflow      |  52.21 kB | 
chunk-OBVZOOOR.js   | register      |  21.47 kB | 
chunk-6ZOVLW2I.js   | login         |  18.72 kB | 
chunk-JVBTO2VP.js   | -             |  15.03 kB | 
chunk-IIX2MHDW.js   | -             |  12.78 kB | 
chunk-R5NIIFR7.js   | admin-layout  |  12.43 kB | 
chunk-CCS5URPC.js   | -             |  11.41 kB | 
chunk-ZHLPCIQC.js   | -             |  10.24 kB | 
chunk-3N4HPZWY.js   | -             |   9.29 kB | 
chunk-AJQ4HDFL.js   | -             |   8.61 kB | 
chunk-3UVQWUUB.js   | -             |   7.51 kB | 
chunk-77GCXN2F.js   | user-roles    |   4.70 kB | 

Application bundle generation complete. [0.317 seconds] - 2026-07-09T18:11:10.617Z

Page reload sent to client(s).
❯ Changes detected. Rebuilding...
✔ Changes detected. Rebuilding...
Initial chunk files | Names                 | Raw size
main.js             | main                  |  4.19 kB | 

Lazy chunk files    | Names                 | Raw size
chunk-QVBWX3IK.js   | dashboard             | 57.32 kB | 
chunk-HLD5BHTN.js   | tenant-dashboard      | 49.78 kB | 
chunk-EGX4NMA4.js   | -                     | 38.14 kB | 
chunk-XL564NJ2.js   | tenant-workflow       | 14.36 kB | 
chunk-IAFABDSS.js   | workflow              | 14.12 kB | 
chunk-S43TGCAA.js   | -                     |  9.16 kB | 
chunk-VNMU3LZ3.js   | -                     |  8.13 kB | 
chunk-H63CX42V.js   | tenant-permit-release |  5.04 kB | 
chunk-K5FCH6JM.js   | tenant-applications   |  4.99 kB | 
chunk-Z6R6AGS3.js   | tenant-evaluations    |  4.97 kB | 
chunk-BG5NF3NV.js   | tenant-payments       |  4.89 kB | 
chunk-2G4TYDE5.js   | tenant-layout         |  4.07 kB | 
chunk-RYUY6WCX.js   | admin-layout          |  3.37 kB | 

Application bundle generation complete. [0.598 seconds] - 2026-07-09T18:16:03.120Z

Page reload sent to client(s).
❯ Changes detected. Rebuilding...
✔ Changes detected. Rebuilding...
Initial chunk files | Names                 | Raw size
main.js             | main                  |  4.19 kB | 

Lazy chunk files    | Names                 | Raw size
chunk-AI4OAEUZ.js   | tenants               | 96.59 kB | 
chunk-SJDWUHMO.js   | system-logs           | 64.48 kB | 
chunk-2RI46XBK.js   | dashboard             | 57.32 kB | 
chunk-MAIVREPQ.js   | tenant-dashboard      | 49.78 kB | 
chunk-633KJ36S.js   | -                     | 15.03 kB | 
chunk-5G43QN5M.js   | tenant-workflow       | 14.36 kB | 
chunk-FKO7H4PH.js   | workflow              | 14.12 kB | 
chunk-N2VORT74.js   | -                     | 13.58 kB | 
chunk-2Q7GGX2Z.js   | -                     | 11.41 kB | 
chunk-GM7ACIPP.js   | -                     |  9.29 kB | 
chunk-ZQXIGF3Y.js   | -                     |  9.16 kB | 
chunk-HOSKG6YR.js   | tenant-permit-release |  5.04 kB | 
chunk-EAPTG3ZB.js   | tenant-applications   |  4.99 kB | 
chunk-QOKKNQJF.js   | tenant-evaluations    |  4.97 kB | 
chunk-M6GIQ3BI.js   | tenant-payments       |  4.89 kB | 
...and 3 more lazy chunks files. Use "--verbose" to show all the files.

Application bundle generation complete. [1.258 seconds] - 2026-07-09T18:32:00.985Z

Page reload sent to client(s).
❯ Changes detected. Rebuilding...
✔ Changes detected. Rebuilding...
Application bundle generation failed. [0.302 seconds] - 2026-07-09T18:33:02.848Z

[33m▲ [43;33m[[43;30mWARNING[43;33m][0m [1mNG8113: Avatar is not used within the template of TenantPayments[0m [1m[35m[plugin angular-compiler][0m

    src/app/pages/tenant-payments/tenant-payments.ts:101:26:
[37m      101 │   imports: [Topbar, Icon, [32mAvatar[37m, DonutChart, Pagination],
          ╵                           [32m~~~~~~[0m


[33m▲ [43;33m[[43;30mWARNING[43;33m][0m [1mNG8113: DonutChart is not used within the template of TenantPayments[0m [1m[35m[plugin angular-compiler][0m

    src/app/pages/tenant-payments/tenant-payments.ts:101:34:
[37m      101 │   imports: [Topbar, Icon, Avatar, [32mDonutChart[37m, Pagination],
          ╵                                   [32m~~~~~~~~~~[0m


[33m▲ [43;33m[[43;30mWARNING[43;33m][0m [1mNG8113: Pagination is not used within the template of TenantPayments[0m [1m[35m[plugin angular-compiler][0m

    src/app/pages/tenant-payments/tenant-payments.ts:101:46:
[37m      101 │   imports: [Topbar, Icon, Avatar, DonutChart, [32mPagination[37m],
          ╵                                               [32m~~~~~~~~~~[0m


[31mX [41;31m[[41;97mERROR[41;31m][0m [1mNG2008: Could not find stylesheet file './tenant-payments.scss'.[0m [1m[35m[plugin angular-compiler][0m

    src/app/pages/tenant-payments/tenant-payments.ts:103:12:
[37m      103 │   styleUrl: [32m'./tenant-payments.scss'[37m,
          ╵             [32m~~~~~~~~~~~~~~~~~~~~~~~~[0m


❯ Changes detected. Rebuilding...
✔ Changes detected. Rebuilding...
Application bundle generation failed. [0.297 seconds] - 2026-07-09T18:33:41.519Z

[31mX [41;31m[[41;97mERROR[41;31m][0m [1mNG2008: Could not find stylesheet file './tenant-payments.scss'.[0m [1m[35m[plugin angular-compiler][0m

    src/app/pages/tenant-payments/tenant-payments.ts:103:12:
[37m      103 │   styleUrl: [32m'./tenant-payments.scss'[37m,
          ╵             [32m~~~~~~~~~~~~~~~~~~~~~~~~[0m


❯ Changes detected. Rebuilding...
✔ Changes detected. Rebuilding...
Application bundle generation failed. [0.347 seconds] - 2026-07-09T18:34:05.449Z

[31mX [41;31m[[41;97mERROR[41;31m][0m [1mNG2008: Could not find stylesheet file './tenant-payments.scss'.[0m [1m[35m[plugin angular-compiler][0m

    src/app/pages/tenant-payments/tenant-payments.ts:103:12:
[37m      103 │   styleUrl: [32m'./tenant-payments.scss'[37m,
          ╵             [32m~~~~~~~~~~~~~~~~~~~~~~~~[0m


❯ Changes detected. Rebuilding...
✔ Changes detected. Rebuilding...
Application bundle generation failed. [0.645 seconds] - 2026-07-09T18:35:24.713Z

[33m▲ [43;33m[[43;30mWARNING[43;33m][0m [1mNG8113: Avatar is not used within the template of TenantPermitRelease[0m [1m[35m[plugin angular-compiler][0m

    src/app/pages/tenant-permit-release/tenant-permit-release.ts:51:26:
[37m      51 │   imports: [Topbar, Icon, [32mAvatar[37m, DonutChart, Pagination],
         ╵                           [32m~~~~~~[0m


[33m▲ [43;33m[[43;30mWARNING[43;33m][0m [1mNG8113: DonutChart is not used within the template of TenantPermitRelease[0m [1m[35m[plugin angular-compiler][0m

    src/app/pages/tenant-permit-release/tenant-permit-release.ts:51:34:
[37m      51 │   imports: [Topbar, Icon, Avatar, [32mDonutChart[37m, Pagination],
         ╵                                   [32m~~~~~~~~~~[0m


[33m▲ [43;33m[[43;30mWARNING[43;33m][0m [1mNG8113: Pagination is not used within the template of TenantPermitRelease[0m [1m[35m[plugin angular-compiler][0m

    src/app/pages/tenant-permit-release/tenant-permit-release.ts:51:46:
[37m      51 │   imports: [Topbar, Icon, Avatar, DonutChart, [32mPagination[37m],
         ╵                                               [32m~~~~~~~~~~[0m


[31mX [41;31m[[41;97mERROR[41;31m][0m [1mNG2008: Could not find stylesheet file './tenant-permit-release.scss'.[0m [1m[35m[plugin angular-compiler][0m

    src/app/pages/tenant-permit-release/tenant-permit-release.ts:53:12:
[37m      53 │   styleUrl: [32m'./tenant-permit-release.scss'[37m,
         ╵             [32m~~~~~~~~~~~~~~~~~~~~~~~~~~~~~~[0m


❯ Changes detected. Rebuilding...
✔ Changes detected. Rebuilding...
Application bundle generation failed. [0.333 seconds] - 2026-07-09T18:35:54.703Z

[31mX [41;31m[[41;97mERROR[41;31m][0m [1mNG2008: Could not find stylesheet file './tenant-permit-release.scss'.[0m [1m[35m[plugin angular-compiler][0m

    src/app/pages/tenant-permit-release/tenant-permit-release.ts:53:12:
[37m      53 │   styleUrl: [32m'./tenant-permit-release.scss'[37m,
         ╵             [32m~~~~~~~~~~~~~~~~~~~~~~~~~~~~~~[0m


❯ Changes detected. Rebuilding...
✔ Changes detected. Rebuilding...
Application bundle generation failed. [0.696 seconds] - 2026-07-09T18:37:27.213Z

[31mX [41;31m[[41;97mERROR[41;31m][0m [1mNG2008: Could not find stylesheet file './tenant-permit-release.scss'.[0m [1m[35m[plugin angular-compiler][0m

    src/app/pages/tenant-permit-release/tenant-permit-release.ts:53:12:
[37m      53 │   styleUrl: [32m'./tenant-permit-release.scss'[37m,
         ╵             [32m~~~~~~~~~~~~~~~~~~~~~~~~~~~~~~[0m


❯ Changes detected. Rebuilding...
✔ Changes detected. Rebuilding...
Application bundle generation failed. [0.580 seconds] - 2026-07-09T18:37:52.885Z

[31mX [41;31m[[41;97mERROR[41;31m][0m [1mNG2008: Could not find stylesheet file './tenant-permit-release.scss'.[0m [1m[35m[plugin angular-compiler][0m

    src/app/pages/tenant-permit-release/tenant-permit-release.ts:53:12:
[37m      53 │   styleUrl: [32m'./tenant-permit-release.scss'[37m,
         ╵             [32m~~~~~~~~~~~~~~~~~~~~~~~~~~~~~~[0m


❯ Changes detected. Rebuilding...
✔ Changes detected. Rebuilding...
Application bundle generation failed. [0.465 seconds] - 2026-07-09T18:38:47.802Z

[31mX [41;31m[[41;97mERROR[41;31m][0m [1mNG2008: Could not find stylesheet file './tenant-permit-release.scss'.[0m [1m[35m[plugin angular-compiler][0m

    src/app/pages/tenant-permit-release/tenant-permit-release.ts:53:12:
[37m      53 │   styleUrl: [32m'./tenant-permit-release.scss'[37m,
         ╵             [32m~~~~~~~~~~~~~~~~~~~~~~~~~~~~~~[0m


❯ Changes detected. Rebuilding...
✔ Changes detected. Rebuilding...
Application bundle generation failed. [0.668 seconds] - 2026-07-09T18:39:19.060Z

[31mX [41;31m[[41;97mERROR[41;31m][0m [1mNG2008: Could not find stylesheet file './tenant-permit-release.scss'.[0m [1m[35m[plugin angular-compiler][0m

    src/app/pages/tenant-permit-release/tenant-permit-release.ts:53:12:
[37m      53 │   styleUrl: [32m'./tenant-permit-release.scss'[37m,
         ╵             [32m~~~~~~~~~~~~~~~~~~~~~~~~~~~~~~[0m


❯ Changes detected. Rebuilding...
✔ Changes detected. Rebuilding...
Application bundle generation failed. [1.500 seconds] - 2026-07-09T18:40:41.733Z

[31mX [41;31m[[41;97mERROR[41;31m][0m [1mNG2008: Could not find stylesheet file './tenant-permit-release.scss'.[0m [1m[35m[plugin angular-compiler][0m

    src/app/pages/tenant-permit-release/tenant-permit-release.ts:53:12:
[37m      53 │   styleUrl: [32m'./tenant-permit-release.scss'[37m,
         ╵             [32m~~~~~~~~~~~~~~~~~~~~~~~~~~~~~~[0m


❯ Changes detected. Rebuilding...
✔ Changes detected. Rebuilding...
Application bundle generation failed. [0.584 seconds] - 2026-07-09T18:40:59.799Z

[31mX [41;31m[[41;97mERROR[41;31m][0m [1mNG2008: Could not find stylesheet file './tenant-permit-release.scss'.[0m [1m[35m[plugin angular-compiler][0m

    src/app/pages/tenant-permit-release/tenant-permit-release.ts:53:12:
[37m      53 │   styleUrl: [32m'./tenant-permit-release.scss'[37m,
         ╵             [32m~~~~~~~~~~~~~~~~~~~~~~~~~~~~~~[0m


❯ Changes detected. Rebuilding...
✔ Changes detected. Rebuilding...
Application bundle generation failed. [0.636 seconds] - 2026-07-09T18:41:44.330Z

[31mX [41;31m[[41;97mERROR[41;31m][0m [1mNG2008: Could not find stylesheet file './tenant-permit-release.scss'.[0m [1m[35m[plugin angular-compiler][0m

    src/app/pages/tenant-permit-release/tenant-permit-release.ts:53:12:
[37m      53 │   styleUrl: [32m'./tenant-permit-release.scss'[37m,
         ╵             [32m~~~~~~~~~~~~~~~~~~~~~~~~~~~~~~[0m


❯ Changes detected. Rebuilding...
✔ Changes detected. Rebuilding...
Application bundle generation failed. [0.369 seconds] - 2026-07-09T18:42:32.632Z

[31mX [41;31m[[41;97mERROR[41;31m][0m [1mNG2008: Could not find stylesheet file './tenant-permit-release.scss'.[0m [1m[35m[plugin angular-compiler][0m

    src/app/pages/tenant-permit-release/tenant-permit-release.ts:53:12:
[37m      53 │   styleUrl: [32m'./tenant-permit-release.scss'[37m,
         ╵             [32m~~~~~~~~~~~~~~~~~~~~~~~~~~~~~~[0m


❯ Changes detected. Rebuilding...
✔ Changes detected. Rebuilding...
Application bundle generation failed. [0.361 seconds] - 2026-07-09T18:42:52.466Z

[31mX [41;31m[[41;97mERROR[41;31m][0m [1mNG2008: Could not find stylesheet file './tenant-permit-release.scss'.[0m [1m[35m[plugin angular-compiler][0m

    src/app/pages/tenant-permit-release/tenant-permit-release.ts:53:12:
[37m      53 │   styleUrl: [32m'./tenant-permit-release.scss'[37m,
         ╵             [32m~~~~~~~~~~~~~~~~~~~~~~~~~~~~~~[0m


❯ Changes detected. Rebuilding...
✔ Changes detected. Rebuilding...
Application bundle generation failed. [0.398 seconds] - 2026-07-09T18:43:42.170Z

[31mX [41;31m[[41;97mERROR[41;31m][0m [1mNG2008: Could not find stylesheet file './tenant-permit-release.scss'.[0m [1m[35m[plugin angular-compiler][0m

    src/app/pages/tenant-permit-release/tenant-permit-release.ts:53:12:
[37m      53 │   styleUrl: [32m'./tenant-permit-release.scss'[37m,
         ╵             [32m~~~~~~~~~~~~~~~~~~~~~~~~~~~~~~[0m


❯ Changes detected. Rebuilding...
✔ Changes detected. Rebuilding...
Initial chunk files | Names                 |  Raw size
main.js             | main                  |   4.19 kB | 
chunk-VUJOFXKG.js   | -                     | 938 bytes | 
styles.css          | styles                | 392 bytes | 

                    | Initial total         |   5.52 kB

Lazy chunk files    | Names                 |  Raw size
chunk-RCVEIRQX.js   | tenants               |  96.91 kB | 
chunk-TQBW3AYW.js   | tenant-payments       |  67.30 kB | 
chunk-SJDWUHMO.js   | system-logs           |  64.48 kB | 
chunk-2RI46XBK.js   | dashboard             |  57.32 kB | 
chunk-GDY7GARO.js   | tenant-dashboard      |  50.11 kB | 
chunk-EGX4NMA4.js   | -                     |  38.14 kB | 
chunk-XS6CO3TX.js   | tenant-permit-release |  37.03 kB | 
chunk-OBVZOOOR.js   | register              |  21.47 kB | 
chunk-6ZOVLW2I.js   | login                 |  18.72 kB | 
chunk-633KJ36S.js   | -                     |  15.03 kB | 
chunk-5G43QN5M.js   | tenant-workflow       |  14.36 kB | 
chunk-FKO7H4PH.js   | workflow              |  14.12 kB | 
chunk-N2VORT74.js   | -                     |  13.58 kB | 
chunk-2Q7GGX2Z.js   | -                     |  11.41 kB | 
chunk-ZHLPCIQC.js   | -                     |  10.24 kB | 
...and 10 more lazy chunks files. Use "--verbose" to show all the files.

Application bundle generation complete. [0.400 seconds] - 2026-07-09T18:46:20.197Z

Page reload sent to client(s).
❯ Changes detected. Rebuilding...
✔ Changes detected. Rebuilding...
Initial chunk files | Names           | Raw size
main.js             | main            |  4.19 kB | 

Lazy chunk files    | Names           | Raw size
chunk-CDS3M5K7.js   | tenant-payments | 67.31 kB | 

Application bundle generation complete. [0.508 seconds] - 2026-07-09T18:48:26.881Z

Page reload sent to client(s).
❯ Changes detected. Rebuilding...
✔ Changes detected. Rebuilding...
Initial chunk files | Names           | Raw size
main.js             | main            |  4.19 kB | 

Lazy chunk files    | Names           | Raw size
chunk-TQBW3AYW.js   | tenant-payments | 67.30 kB | 

Application bundle generation complete. [0.508 seconds] - 2026-07-09T18:49:26.055Z

Page reload sent to client(s).
❯ Changes detected. Rebuilding...
✔ Changes detected. Rebuilding...
Initial chunk files | Names           | Raw size
main.js             | main            |  4.19 kB | 

Lazy chunk files    | Names           | Raw size
chunk-4K5GC3VP.js   | tenant-payments | 67.31 kB | 

Application bundle generation complete. [0.521 seconds] - 2026-07-09T18:50:02.960Z

Page reload sent to client(s).
❯ Changes detected. Rebuilding...
✔ Changes detected. Rebuilding...
Initial chunk files | Names           | Raw size
main.js             | main            |  4.19 kB | 

Lazy chunk files    | Names           | Raw size
chunk-2SXOR64U.js   | tenant-payments | 67.31 kB | 

Application bundle generation complete. [0.528 seconds] - 2026-07-09T18:51:19.069Z

Page reload sent to client(s).
❯ Changes detected. Rebuilding...
✔ Changes detected. Rebuilding...
Initial chunk files | Names           | Raw size
main.js             | main            |  4.19 kB | 

Lazy chunk files    | Names           | Raw size
chunk-OCOYK7BT.js   | tenant-payments | 67.31 kB | 

Application bundle generation complete. [0.470 seconds] - 2026-07-09T18:52:27.610Z

Page reload sent to client(s).
❯ Changes detected. Rebuilding...
✔ Changes detected. Rebuilding...
Initial chunk files | Names           | Raw size
main.js             | main            |  4.19 kB | 

Lazy chunk files    | Names           | Raw size
chunk-TQBW3AYW.js   | tenant-payments | 67.30 kB | 

Application bundle generation complete. [0.539 seconds] - 2026-07-09T18:54:26.943Z

Page reload sent to client(s).
❯ Changes detected. Rebuilding...
✔ Changes detected. Rebuilding...
Initial chunk files | Names                 | Raw size
main.js             | main                  |  4.19 kB | 

Lazy chunk files    | Names                 | Raw size
chunk-RYFNDZLW.js   | tenant-permit-release | 37.03 kB | 

Application bundle generation complete. [0.342 seconds] - 2026-07-09T18:56:07.020Z

Page reload sent to client(s).
❯ Changes detected. Rebuilding...
✔ Changes detected. Rebuilding...
Initial chunk files | Names                 | Raw size
main.js             | main                  |  4.19 kB | 

Lazy chunk files    | Names                 | Raw size
chunk-XS6CO3TX.js   | tenant-permit-release | 37.03 kB | 

Application bundle generation complete. [0.394 seconds] - 2026-07-09T18:57:24.628Z

Page reload sent to client(s).
❯ Changes detected. Rebuilding...
✔ Changes detected. Rebuilding...
Initial chunk files | Names                 | Raw size
main.js             | main                  |  4.19 kB | 

Lazy chunk files    | Names                 | Raw size
chunk-D6KXMJN6.js   | tenants               | 96.91 kB | 
chunk-MQ3SS6IE.js   | tenant-payments       | 67.30 kB | 
chunk-NCJ4IM6Q.js   | system-logs           | 64.48 kB | 
chunk-NGXT2IJD.js   | dashboard             | 57.32 kB | 
chunk-7NURCBOQ.js   | tenant-dashboard      | 50.11 kB | 
chunk-KJLPAPOX.js   | tenant-permit-release | 37.03 kB | 
chunk-PY56MRSC.js   | -                     | 15.03 kB | 
chunk-Z7ICC4SN.js   | tenant-workflow       | 14.36 kB | 
chunk-J3JO22PH.js   | workflow              | 14.12 kB | 
chunk-TJQEVIHB.js   | -                     | 13.64 kB | 
chunk-MLNOLWI5.js   | -                     | 11.41 kB | 
chunk-G2UW5PNL.js   | -                     |  9.29 kB | 
chunk-CSLJVFSX.js   | -                     |  9.16 kB | 
chunk-OZMCEZ2S.js   | tenant-applications   |  4.99 kB | 
chunk-GSMWKBQQ.js   | tenant-evaluations    |  4.97 kB | 
...and 3 more lazy chunks files. Use "--verbose" to show all the files.

Application bundle generation complete. [1.469 seconds] - 2026-07-09T19:20:09.454Z

Page reload sent to client(s).
❯ Changes detected. Rebuilding...
✔ Changes detected. Rebuilding...
Initial chunk files | Names                 | Raw size
main.js             | main                  |  4.19 kB | 

Lazy chunk files    | Names                 | Raw size
chunk-KMYWDISY.js   | tenants               | 96.91 kB | 
chunk-I7KH4NRK.js   | tenant-payments       | 67.30 kB | 
chunk-DXS2XBAN.js   | system-logs           | 64.48 kB | 
chunk-2ICJ4N5J.js   | dashboard             | 57.32 kB | 
chunk-JS34UAS2.js   | tenant-dashboard      | 50.11 kB | 
chunk-Q2BXJWUK.js   | tenant-permit-release | 37.03 kB | 
chunk-UJKRN3G5.js   | -                     | 15.03 kB | 
chunk-ELCDQRIZ.js   | -                     | 14.78 kB | 
chunk-F2TYLKZZ.js   | tenant-workflow       | 14.36 kB | 
chunk-A2FFRIOA.js   | workflow              | 14.12 kB | 
chunk-EMX4MNHM.js   | -                     | 11.41 kB | 
chunk-3GHIYLV6.js   | -                     |  9.29 kB | 
chunk-OF573D7U.js   | -                     |  9.16 kB | 
chunk-L4EIZPU5.js   | tenant-applications   |  4.99 kB | 
chunk-SNQGWPA6.js   | tenant-evaluations    |  4.97 kB | 
...and 3 more lazy chunks files. Use "--verbose" to show all the files.

Application bundle generation complete. [1.546 seconds] - 2026-07-09T19:21:17.357Z

Page reload sent to client(s).
❯ Changes detected. Rebuilding...
✔ Changes detected. Rebuilding...
Application bundle generation failed. [0.313 seconds] - 2026-07-09T19:21:48.693Z

[33m▲ [43;33m[[43;30mWARNING[43;33m][0m [1mNG8113: Avatar is not used within the template of TenantApplications[0m [1m[35m[plugin angular-compiler][0m

    src/app/pages/tenant-applications/tenant-applications.ts:35:26:
[37m      35 │   imports: [Topbar, Icon, [32mAvatar[37m, DonutChart, Pagination],
         ╵                           [32m~~~~~~[0m


[33m▲ [43;33m[[43;30mWARNING[43;33m][0m [1mNG8113: DonutChart is not used within the template of TenantApplications[0m [1m[35m[plugin angular-compiler][0m

    src/app/pages/tenant-applications/tenant-applications.ts:35:34:
[37m      35 │   imports: [Topbar, Icon, Avatar, [32mDonutChart[37m, Pagination],
         ╵                                   [32m~~~~~~~~~~[0m


[33m▲ [43;33m[[43;30mWARNING[43;33m][0m [1mNG8113: Pagination is not used within the template of TenantApplications[0m [1m[35m[plugin angular-compiler][0m

    src/app/pages/tenant-applications/tenant-applications.ts:35:46:
[37m      35 │   imports: [Topbar, Icon, Avatar, DonutChart, [32mPagination[37m],
         ╵                                               [32m~~~~~~~~~~[0m


[31mX [41;31m[[41;97mERROR[41;31m][0m [1mNG2008: Could not find stylesheet file './tenant-applications.scss'.[0m [1m[35m[plugin angular-compiler][0m

    src/app/pages/tenant-applications/tenant-applications.ts:37:12:
[37m      37 │   styleUrl: [32m'./tenant-applications.scss'[37m,
         ╵             [32m~~~~~~~~~~~~~~~~~~~~~~~~~~~~[0m


❯ Changes detected. Rebuilding...
✔ Changes detected. Rebuilding...
Application bundle generation failed. [0.567 seconds] - 2026-07-09T19:23:35.874Z

[31mX [41;31m[[41;97mERROR[41;31m][0m [1mTS2339: Property 'qrCells' does not exist on type 'TenantApplications'.[0m [1m[35m[plugin angular-compiler][0m

    src/app/pages/tenant-applications/tenant-applications.html:625:30:
[37m      625 │                 @for (cell of [32mqrCells[37m; track cell) {
          ╵                               [32m~~~~~~~[0m

  Error occurs in the template of component TenantApplications.

    src/app/pages/tenant-applications/tenant-applications.ts:36:15:
[37m      36 │   templateUrl: [32m'./tenant-applications.html'[37m,
         ╵                [32m~~~~~~~~~~~~~~~~~~~~~~~~~~~~[0m


[31mX [41;31m[[41;97mERROR[41;31m][0m [1mNG2008: Could not find stylesheet file './tenant-applications.scss'.[0m [1m[35m[plugin angular-compiler][0m

    src/app/pages/tenant-applications/tenant-applications.ts:37:12:
[37m      37 │   styleUrl: [32m'./tenant-applications.scss'[37m,
         ╵             [32m~~~~~~~~~~~~~~~~~~~~~~~~~~~~[0m


❯ Changes detected. Rebuilding...
✔ Changes detected. Rebuilding...
Application bundle generation failed. [0.802 seconds] - 2026-07-09T19:23:57.383Z

[31mX [41;31m[[41;97mERROR[41;31m][0m [1mNG2008: Could not find stylesheet file './tenant-applications.scss'.[0m [1m[35m[plugin angular-compiler][0m

    src/app/pages/tenant-applications/tenant-applications.ts:37:12:
[37m      37 │   styleUrl: [32m'./tenant-applications.scss'[37m,
         ╵             [32m~~~~~~~~~~~~~~~~~~~~~~~~~~~~[0m


[31mX [41;31m[[41;97mERROR[41;31m][0m [1mTS2304: Cannot find name 'buildQrCells'.[0m [1m[35m[plugin angular-compiler][0m

    src/app/pages/tenant-applications/tenant-applications.ts:77:31:
[37m      77 │   protected readonly qrCells = [32mbuildQrCells[37m();
         ╵                                [32m~~~~~~~~~~~~[0m


❯ Changes detected. Rebuilding...
✔ Changes detected. Rebuilding...
Application bundle generation failed. [0.572 seconds] - 2026-07-09T19:24:20.099Z

[31mX [41;31m[[41;97mERROR[41;31m][0m [1mNG2008: Could not find stylesheet file './tenant-applications.scss'.[0m [1m[35m[plugin angular-compiler][0m

    src/app/pages/tenant-applications/tenant-applications.ts:76:12:
[37m      76 │   styleUrl: [32m'./tenant-applications.scss'[37m,
         ╵             [32m~~~~~~~~~~~~~~~~~~~~~~~~~~~~[0m


❯ Changes detected. Rebuilding...
✔ Changes detected. Rebuilding...
Application bundle generation failed. [0.461 seconds] - 2026-07-09T19:24:41.503Z

[31mX [41;31m[[41;97mERROR[41;31m][0m [1mNG2008: Could not find stylesheet file './tenant-applications.scss'.[0m [1m[35m[plugin angular-compiler][0m

    src/app/pages/tenant-applications/tenant-applications.ts:73:12:
[37m      73 │   styleUrl: [32m'./tenant-applications.scss'[37m,
         ╵             [32m~~~~~~~~~~~~~~~~~~~~~~~~~~~~[0m


❯ Changes detected. Rebuilding...
✔ Changes detected. Rebuilding...
Initial chunk files | Names                 |  Raw size
main.js             | main                  |   4.19 kB | 
chunk-VUJOFXKG.js   | -                     | 938 bytes | 
styles.css          | styles                | 392 bytes | 

                    | Initial total         |   5.52 kB

Lazy chunk files    | Names                 |  Raw size
chunk-IMOLBZMN.js   | tenant-applications   | 171.38 kB | 
chunk-KMYWDISY.js   | tenants               |  96.91 kB | 
chunk-I7KH4NRK.js   | tenant-payments       |  67.30 kB | 
chunk-DXS2XBAN.js   | system-logs           |  64.48 kB | 
chunk-2ICJ4N5J.js   | dashboard             |  57.32 kB | 
chunk-JS34UAS2.js   | tenant-dashboard      |  50.11 kB | 
chunk-EGX4NMA4.js   | -                     |  38.14 kB | 
chunk-Q2BXJWUK.js   | tenant-permit-release |  37.03 kB | 
chunk-OBVZOOOR.js   | register              |  21.47 kB | 
chunk-6ZOVLW2I.js   | login                 |  18.72 kB | 
chunk-UJKRN3G5.js   | -                     |  15.03 kB | 
chunk-ELCDQRIZ.js   | -                     |  14.78 kB | 
chunk-F2TYLKZZ.js   | tenant-workflow       |  14.36 kB | 
chunk-A2FFRIOA.js   | workflow              |  14.12 kB | 
chunk-EMX4MNHM.js   | -                     |  11.41 kB | 
...and 10 more lazy chunks files. Use "--verbose" to show all the files.

Application bundle generation complete. [0.745 seconds] - 2026-07-09T19:29:21.647Z

Page reload sent to client(s).
❯ Changes detected. Rebuilding...
✔ Changes detected. Rebuilding...
Initial chunk files | Names               |  Raw size
main.js             | main                |   4.19 kB | 

Lazy chunk files    | Names               |  Raw size
chunk-ODMA5VYH.js   | tenant-applications | 171.39 kB | 

Application bundle generation complete. [0.669 seconds] - 2026-07-09T19:30:34.248Z

Page reload sent to client(s).
❯ Changes detected. Rebuilding...
✔ Changes detected. Rebuilding...
Initial chunk files | Names               |  Raw size
main.js             | main                |   4.19 kB | 

Lazy chunk files    | Names               |  Raw size
chunk-DUKKM4QS.js   | tenant-applications | 171.40 kB | 

Application bundle generation complete. [0.883 seconds] - 2026-07-09T19:31:54.173Z

Page reload sent to client(s).
❯ Changes detected. Rebuilding...
✔ Changes detected. Rebuilding...
Initial chunk files | Names               |  Raw size
main.js             | main                |   4.19 kB | 

Lazy chunk files    | Names               |  Raw size
chunk-MJNI4LCM.js   | tenant-applications | 171.35 kB | 

Application bundle generation complete. [1.141 seconds] - 2026-07-09T19:33:34.916Z

Component update sent to client(s).
❯ Changes detected. Rebuilding...
✔ Changes detected. Rebuilding...
Initial chunk files | Names               |  Raw size
main.js             | main                |   4.19 kB | 

Lazy chunk files    | Names               |  Raw size
chunk-IA7AEDZV.js   | tenant-applications | 171.35 kB | 

Application bundle generation complete. [0.825 seconds] - 2026-07-09T19:33:54.392Z

Page reload sent to client(s).
❯ Changes detected. Rebuilding...
✔ Changes detected. Rebuilding...
Initial chunk files | Names               |  Raw size
main.js             | main                |   4.19 kB | 

Lazy chunk files    | Names               |  Raw size
chunk-LVJ2KO6Q.js   | tenant-applications | 171.35 kB | 

Application bundle generation complete. [0.859 seconds] - 2026-07-09T19:35:18.262Z

Page reload sent to client(s).
❯ Changes detected. Rebuilding...
✔ Changes detected. Rebuilding...
Initial chunk files | Names               |  Raw size
main.js             | main                |   4.19 kB | 

Lazy chunk files    | Names               |  Raw size
chunk-QIUIG35F.js   | tenant-applications | 171.35 kB | 

Application bundle generation complete. [0.813 seconds] - 2026-07-09T19:36:22.511Z

Page reload sent to client(s).
❯ Changes detected. Rebuilding...
✔ Changes detected. Rebuilding...
Initial chunk files | Names               |  Raw size
main.js             | main                |   4.19 kB | 

Lazy chunk files    | Names               |  Raw size
chunk-XXU7S4YR.js   | tenant-applications | 171.36 kB | 

Application bundle generation complete. [0.766 seconds] - 2026-07-09T19:37:30.908Z

Page reload sent to client(s).
❯ Changes detected. Rebuilding...
✔ Changes detected. Rebuilding...
Initial chunk files | Names               |  Raw size
main.js             | main                |   4.19 kB | 

Lazy chunk files    | Names               |  Raw size
chunk-SOITTFKI.js   | tenant-applications | 171.37 kB | 

Application bundle generation complete. [0.645 seconds] - 2026-07-09T19:37:51.873Z

Page reload sent to client(s).
❯ Changes detected. Rebuilding...
✔ Changes detected. Rebuilding...
Initial chunk files | Names               |  Raw size
main.js             | main                |   4.19 kB | 

Lazy chunk files    | Names               |  Raw size
chunk-BK2VSUH3.js   | tenant-applications | 171.36 kB | 

Application bundle generation complete. [0.880 seconds] - 2026-07-09T19:39:24.456Z

Page reload sent to client(s).
❯ Changes detected. Rebuilding...
✔ Changes detected. Rebuilding...
Initial chunk files | Names               |  Raw size
main.js             | main                |   4.19 kB | 

Lazy chunk files    | Names               |  Raw size
chunk-HKNEGSOI.js   | tenant-applications | 171.36 kB | 

Application bundle generation complete. [0.691 seconds] - 2026-07-09T19:40:30.367Z

Page reload sent to client(s).
❯ Changes detected. Rebuilding...
✔ Changes detected. Rebuilding...
Initial chunk files | Names               |  Raw size
main.js             | main                |   4.19 kB | 

Lazy chunk files    | Names               |  Raw size
chunk-CKN2H74N.js   | tenant-applications | 171.34 kB | 

Application bundle generation complete. [0.659 seconds] - 2026-07-09T19:41:54.854Z

Page reload sent to client(s).
❯ Changes detected. Rebuilding...
✔ Changes detected. Rebuilding...
Initial chunk files | Names                 |  Raw size
main.js             | main                  |   4.19 kB | 

Lazy chunk files    | Names                 |  Raw size
chunk-4YWGZSRE.js   | tenant-applications   | 171.34 kB | 
chunk-XV66SNC2.js   | tenants               |  96.91 kB | 
chunk-JLF6Q4UM.js   | tenant-payments       |  67.30 kB | 
chunk-6QDZQOKT.js   | system-logs           |  64.48 kB | 
chunk-6V5PAUIL.js   | dashboard             |  57.32 kB | 
chunk-PS5IVN6V.js   | tenant-dashboard      |  50.11 kB | 
chunk-HFAPYL7M.js   | tenant-permit-release |  37.03 kB | 
chunk-53DFQFQA.js   | -                     |  15.03 kB | 
chunk-RMQND4YG.js   | -                     |  14.97 kB | 
chunk-OEZ6TSEA.js   | tenant-workflow       |  14.36 kB | 
chunk-CUJ7X4YX.js   | workflow              |  14.12 kB | 
chunk-GJXAXS3W.js   | -                     |  11.41 kB | 
chunk-TKSCH777.js   | -                     |   9.29 kB | 
chunk-ZXZJNVDU.js   | -                     |   9.16 kB | 
chunk-6IIE7UVZ.js   | tenant-evaluations    |   4.97 kB | 
...and 3 more lazy chunks files. Use "--verbose" to show all the files.

Application bundle generation complete. [1.172 seconds] - 2026-07-09T19:47:06.750Z

Page reload sent to client(s).
❯ Changes detected. Rebuilding...
✔ Changes detected. Rebuilding...
Application bundle generation failed. [0.433 seconds] - 2026-07-09T19:48:31.986Z

[33m▲ [43;33m[[43;30mWARNING[43;33m][0m [1mNG8113: Avatar is not used within the template of TenantEvaluations[0m [1m[35m[plugin angular-compiler][0m

    src/app/pages/tenant-evaluations/tenant-evaluations.ts:21:26:
[37m      21 │   imports: [Topbar, Icon, [32mAvatar[37m, DonutChart, Pagination],
         ╵                           [32m~~~~~~[0m


[33m▲ [43;33m[[43;30mWARNING[43;33m][0m [1mNG8113: DonutChart is not used within the template of TenantEvaluations[0m [1m[35m[plugin angular-compiler][0m

    src/app/pages/tenant-evaluations/tenant-evaluations.ts:21:34:
[37m      21 │   imports: [Topbar, Icon, Avatar, [32mDonutChart[37m, Pagination],
         ╵                                   [32m~~~~~~~~~~[0m


[33m▲ [43;33m[[43;30mWARNING[43;33m][0m [1mNG8113: Pagination is not used within the template of TenantEvaluations[0m [1m[35m[plugin angular-compiler][0m

    src/app/pages/tenant-evaluations/tenant-evaluations.ts:21:46:
[37m      21 │   imports: [Topbar, Icon, Avatar, DonutChart, [32mPagination[37m],
         ╵                                               [32m~~~~~~~~~~[0m


[31mX [41;31m[[41;97mERROR[41;31m][0m [1mNG2008: Could not find stylesheet file './tenant-evaluations.scss'.[0m [1m[35m[plugin angular-compiler][0m

    src/app/pages/tenant-evaluations/tenant-evaluations.ts:23:12:
[37m      23 │   styleUrl: [32m'./tenant-evaluations.scss'[37m,
         ╵             [32m~~~~~~~~~~~~~~~~~~~~~~~~~~~[0m


❯ Changes detected. Rebuilding...
✔ Changes detected. Rebuilding...
Application bundle generation failed. [0.228 seconds] - 2026-07-09T19:48:53.626Z

[33m▲ [43;33m[[43;30mWARNING[43;33m][0m [1mNG8113: Avatar is not used within the template of TenantEvaluations[0m [1m[35m[plugin angular-compiler][0m

    src/app/pages/tenant-evaluations/tenant-evaluations.ts:20:26:
[37m      20 │   imports: [Topbar, Icon, [32mAvatar[37m, DonutChart, Pagination],
         ╵                           [32m~~~~~~[0m


[33m▲ [43;33m[[43;30mWARNING[43;33m][0m [1mNG8113: DonutChart is not used within the template of TenantEvaluations[0m [1m[35m[plugin angular-compiler][0m

    src/app/pages/tenant-evaluations/tenant-evaluations.ts:20:34:
[37m      20 │   imports: [Topbar, Icon, Avatar, [32mDonutChart[37m, Pagination],
         ╵                                   [32m~~~~~~~~~~[0m


[33m▲ [43;33m[[43;30mWARNING[43;33m][0m [1mNG8113: Pagination is not used within the template of TenantEvaluations[0m [1m[35m[plugin angular-compiler][0m

    src/app/pages/tenant-evaluations/tenant-evaluations.ts:20:46:
[37m      20 │   imports: [Topbar, Icon, Avatar, DonutChart, [32mPagination[37m],
         ╵                                               [32m~~~~~~~~~~[0m


[31mX [41;31m[[41;97mERROR[41;31m][0m [1mNG2008: Could not find stylesheet file './tenant-evaluations.scss'.[0m [1m[35m[plugin angular-compiler][0m

    src/app/pages/tenant-evaluations/tenant-evaluations.ts:22:12:
[37m      22 │   styleUrl: [32m'./tenant-evaluations.scss'[37m,
         ╵             [32m~~~~~~~~~~~~~~~~~~~~~~~~~~~[0m


❯ Changes detected. Rebuilding...
✔ Changes detected. Rebuilding...
Application bundle generation failed. [0.243 seconds] - 2026-07-09T19:49:27.063Z

[31mX [41;31m[[41;97mERROR[41;31m][0m [1mNG2008: Could not find stylesheet file './tenant-evaluations.scss'.[0m [1m[35m[plugin angular-compiler][0m

    src/app/pages/tenant-evaluations/tenant-evaluations.ts:22:12:
[37m      22 │   styleUrl: [32m'./tenant-evaluations.scss'[37m,
         ╵             [32m~~~~~~~~~~~~~~~~~~~~~~~~~~~[0m


❯ Changes detected. Rebuilding...
✔ Changes detected. Rebuilding...
Initial chunk files | Names                 |  Raw size
main.js             | main                  |   4.19 kB | 
chunk-VUJOFXKG.js   | -                     | 938 bytes | 
styles.css          | styles                | 392 bytes | 

                    | Initial total         |   5.52 kB

Lazy chunk files    | Names                 |  Raw size
chunk-4YWGZSRE.js   | tenant-applications   | 171.34 kB | 
chunk-XV66SNC2.js   | tenants               |  96.91 kB | 
chunk-JLF6Q4UM.js   | tenant-payments       |  67.30 kB | 
chunk-6QDZQOKT.js   | system-logs           |  64.48 kB | 
chunk-6V5PAUIL.js   | dashboard             |  57.32 kB | 
chunk-PS5IVN6V.js   | tenant-dashboard      |  50.11 kB | 
chunk-HZQGO3QZ.js   | tenant-evaluations    |  43.98 kB | 
chunk-EGX4NMA4.js   | -                     |  38.14 kB | 
chunk-HFAPYL7M.js   | tenant-permit-release |  37.03 kB | 
chunk-OBVZOOOR.js   | register              |  21.47 kB | 
chunk-N6WBDHVA.js   | login                 |  18.86 kB | 
chunk-53DFQFQA.js   | -                     |  15.03 kB | 
chunk-RMQND4YG.js   | -                     |  14.97 kB | 
chunk-OEZ6TSEA.js   | tenant-workflow       |  14.36 kB | 
chunk-CUJ7X4YX.js   | workflow              |  14.12 kB | 
...and 10 more lazy chunks files. Use "--verbose" to show all the files.

Application bundle generation complete. [0.852 seconds] - 2026-07-09T19:50:58.277Z

Page reload sent to client(s).
❯ Changes detected. Rebuilding...
✔ Changes detected. Rebuilding...
Initial chunk files | Names | Raw size
main.js             | main  |  4.19 kB | 

Lazy chunk files    | Names | Raw size
chunk-NNO5UYIZ.js   | login | 19.02 kB | 

Application bundle generation complete. [0.372 seconds] - 2026-07-09T19:52:27.092Z

Page reload sent to client(s).
❯ Changes detected. Rebuilding...
✔ Changes detected. Rebuilding...
Initial chunk files | Names | Raw size
main.js             | main  |  4.19 kB | 

Lazy chunk files    | Names | Raw size
chunk-AUA4KEZ5.js   | login | 20.25 kB | 

Application bundle generation complete. [0.363 seconds] - 2026-07-09T19:52:54.921Z

Component update sent to client(s).
❯ Changes detected. Rebuilding...
✔ Changes detected. Rebuilding...
Initial chunk files | Names | Raw size
main.js             | main  |  4.19 kB | 

Lazy chunk files    | Names | Raw size
chunk-V6MW3WBM.js   | login | 22.08 kB | 

Application bundle generation complete. [0.451 seconds] - 2026-07-09T19:53:39.080Z

Component update sent to client(s).
❯ Changes detected. Rebuilding...
✔ Changes detected. Rebuilding...
Initial chunk files | Names              | Raw size
main.js             | main               |  4.19 kB | 

Lazy chunk files    | Names              | Raw size
chunk-GL2BB4VH.js   | tenant-evaluations | 44.00 kB | 

Application bundle generation complete. [0.442 seconds] - 2026-07-09T19:58:41.762Z

Page reload sent to client(s).
❯ Changes detected. Rebuilding...
✔ Changes detected. Rebuilding...
Initial chunk files | Names              | Raw size
main.js             | main               |  4.19 kB | 

Lazy chunk files    | Names              | Raw size
chunk-HZQGO3QZ.js   | tenant-evaluations | 43.98 kB | 

Application bundle generation complete. [0.341 seconds] - 2026-07-09T19:59:03.789Z

Page reload sent to client(s).
